RAM Allocation
Variable                                                          Address   Size
--------------------------------------------------------------------------------
lcd_data                                                          0x0500      40
RMotorPhase_real                                                  0x0528       8
LMotorPhase_real                                                  0x0530       8
RMotorPhase_B                                                     0x0538       8
LMotorPhase_B                                                     0x0540       8
RMotorPhase_F                                                     0x0548       8
LMotorPhase_F                                                     0x0550       8
RaccTableIndex                                                    0x0558       4
LaccTableIndex                                                    0x055C       4
SearchTableIndex                                                  0x0560       4
TableIndexTarget                                                  0x0564       4
OCRr                                                              0x0568       4
OCRl                                                              0x056C       4
temp                                                              0x0570       4
templ                                                             0x0574       4
tempr                                                             0x0578       4
stop_flag                                                         0x057C       1
denominator                                                       0x057D       2
step                                                              0x057F       4
stop_step                                                         0x0583       4
minustop                                                          0x0587       1
stop_condition                                                    0x0588       1
mux                                                               0x0589       1
num_sample                                                        0x058A       1
d_flag                                                            0x058B       1
dist_data                                                         0x058C     300
dist_sum                                                          0x06B8       6
dist_mean                                                         0x06BE       3
dist_max                                                          0x06C1       3
dist_min                                                          0x06C4       3
cds_data                                                          0x06C7     100
cds_sum                                                           0x072B       2
cds_mean                                                          0x072D       1
cds_max                                                           0x072E       1
cds_min                                                           0x072F       1
leave_flag                                                        0x0730       1
approach                                                          0x0731       1
detach                                                            0x0732       1
degree_factor                                                     0x0733       4
head_reach                                                        0x0737       4
distance_Max0                                                     0x073B       4
distance_min0                                                     0x073F       4
distance_Max1                                                     0x0743       4
distance_min1                                                     0x0747       4
distance_now0                                                     0x074B       4
distance_now1                                                     0x074F       4
dir                                                               0x0753       2
mode                                                              0x0755       1
compensate                                                        0x0756       1
_base_y                                                           0x0757       4
_lcd_x                                                            0x075B       1
_lcd_y                                                            0x075C       1
_lcd_maxx                                                         0x075D       1
_seed                                                             0x075E       4

EEPROM Allocation
Variable                                                          Address   Size
--------------------------------------------------------------------------------

Register Allocation
Variable                                                          Register  Size
--------------------------------------------------------------------------------
h                                                                 R5           1
sam_num                                                           R4           1
i                                                                 R7           1
j                                                                 R6           1
position                                                          R8,R9        2
Pgain                                                             R10,R11      2
RPhaseIndex                                                       R13          1
LPhaseIndex                                                       R12          1
