RAM Allocation
Variable                                                          Address   Size
--------------------------------------------------------------------------------
lcd_data                                                          0x0500      40
RMotorPhase                                                       0x0528       8
LMotorPhase                                                       0x0530       8
RaccTableIndex                                                    0x0538       4
LaccTableIndex                                                    0x053C       4
SearchTableIndex                                                  0x0540       4
TableIndexTarget                                                  0x0544       4
OCRr                                                              0x0548       4
OCRl                                                              0x054C       4
temp                                                              0x0550       4
templ                                                             0x0554       4
tempr                                                             0x0558       4
denominator                                                       0x055C       2
step                                                              0x055E       1
minustop                                                          0x055F       1
mux                                                               0x0560       1
num_sample                                                        0x0561       1
d_flag                                                            0x0562       1
dist_data                                                         0x0563     300
dist_max                                                          0x068F       3
dist_min                                                          0x0692       3
dist_sum                                                          0x0695       6
dist_mean                                                         0x069B       3
cds_data                                                          0x069E     100
cds_max                                                           0x0702       1
cds_min                                                           0x0703       1
cds_sum                                                           0x0704       2
cds_mean                                                          0x0706       1
leave_flag                                                        0x0707       1
approach                                                          0x0708       1
detach                                                            0x0709       1
degree_factor                                                     0x070A       4
head_reach                                                        0x070E       4
distance_Max                                                      0x0712       4
distance_min                                                      0x0716       4
dir                                                               0x071A       2
mode                                                              0x071C       1
_base_y                                                           0x071D       4
_lcd_x                                                            0x0721       1
_lcd_y                                                            0x0722       1
_lcd_maxx                                                         0x0723       1
_seed                                                             0x0724       4

EEPROM Allocation
Variable                                                          Address   Size
--------------------------------------------------------------------------------

Register Allocation
Variable                                                          Register  Size
--------------------------------------------------------------------------------
h                                                                 R5           1
sam_num                                                           R4           1
i                                                                 R7           1
j                                                                 R6           1
position                                                          R8,R9        2
Pgain                                                             R11          1
RPhaseIndex                                                       R10          1
LPhaseIndex                                                       R13          1
stop_flag                                                         R12          1
